Microsoft Windows [Versión 10.0.19044.2130]
(c) Microsoft Corporation. Todos los derechos reservados.

C:\Users\Caroline Jimenez\OneDrive\Documentos\repositorios\miautobiorepositorio\Mi autobiografía>git init
Reinitialized existing Git repository in C:/Users/Caroline Jimenez/OneDrive/Documentos/repositorios/miautobiorepositorio/Mi autobiografía/.git/

C:\Users\Caroline Jimenez\OneDrive\Documentos\repositorios\miautobiorepositorio\Mi autobiografía>git status
On branch main
nothing to commit, working tree clean

C:\Users\Caroline Jimenez\OneDrive\Documentos\repositorios\miautobiorepositorio\Mi autobiografía>git log
commit 96e3335cd5c7b8a47e19c2622fdaa1060a96a38c (HEAD -> main)
Author: Carolinejv3 <2190014@ipisa.edu.do>
Date:   Thu Oct 20 09:09:32 2022 -0400

    Se agregaron los archivos de la carpeta Mi autobiografía

C:\Users\Caroline Jimenez\OneDrive\Documentos\repositorios\miautobiorepositorio\Mi autobiografía>git status
On branch main
Untracked files:
  (use "git add <file>..." to include in what will be committed)
        ola.txt

nothing added to commit but untracked files present (use "git add" to track)

C:\Users\Caroline Jimenez\OneDrive\Documentos\repositorios\miautobiorepositorio\Mi autobiografía>git add .

C:\Users\Caroline Jimenez\OneDrive\Documentos\repositorios\miautobiorepositorio\Mi autobiografía>git commit -m "ola"
[main b4d8a70] ola
 1 file changed, 0 insertions(+), 0 deletions(-)
 create mode 100644 ola.txt

C:\Users\Caroline Jimenez\OneDrive\Documentos\repositorios\miautobiorepositorio\Mi autobiografía>git branch -M main

C:\Users\Caroline Jimenez\OneDrive\Documentos\repositorios\miautobiorepositorio\Mi autobiografía>git remote add origin https://github.com/Carolinejv3/miautobiorepositorio.git
error: remote origin already exists.

C:\Users\Caroline Jimenez\OneDrive\Documentos\repositorios\miautobiorepositorio\Mi autobiografía>git push -u origin main
Enumerating objects: 31, done.
Counting objects: 100% (31/31), done.
Delta compression using up to 2 threads
Compressing objects: 100% (30/30), done.
Writing objects: 100% (31/31), 4.75 MiB | 79.00 KiB/s, done.
Total 31 (delta 5), reused 0 (delta 0), pack-reused 0
remote: Resolving deltas: 100% (5/5), done.
To https://github.com/Carolinejv3/miautobiorepositorio.git
 * [new branch]      main -> main
branch 'main' set up to track 'origin/main'.

C:\Users\Caroline Jimenez\OneDrive\Documentos\repositorios\miautobiorepositorio\Mi autobiografía>git status
On branch main
Your branch is up to date with 'origin/main'.

Untracked files:
  (use "git add <file>..." to include in what will be committed)
        IMG/stockicono1.png

nothing added to commit but untracked files present (use "git add" to track)

C:\Users\Caroline Jimenez\OneDrive\Documentos\repositorios\miautobiorepositorio\Mi autobiografía>git add .

C:\Users\Caroline Jimenez\OneDrive\Documentos\repositorios\miautobiorepositorio\Mi autobiografía>git push -u origin main
Everything up-to-date
branch 'main' set up to track 'origin/main'.

C:\Users\Caroline Jimenez\OneDrive\Documentos\repositorios\miautobiorepositorio\Mi autobiografía>git commit -m "agregué imagen"
[main 5241003] agregué imagen
 1 file changed, 0 insertions(+), 0 deletions(-)
 create mode 100644 IMG/stockicono1.png

C:\Users\Caroline Jimenez\OneDrive\Documentos\repositorios\miautobiorepositorio\Mi autobiografía>git push -u origin main
Enumerating objects: 6, done.
Counting objects: 100% (6/6), done.
Delta compression using up to 2 threads
Compressing objects: 100% (4/4), done.
Writing objects: 100% (4/4), 2.81 KiB | 959.00 KiB/s, done.
Total 4 (delta 2), reused 0 (delta 0), pack-reused 0
remote: Resolving deltas: 100% (2/2), completed with 2 local objects.
To https://github.com/Carolinejv3/miautobiorepositorio.git
   b4d8a70..5241003  main -> main
branch 'main' set up to track 'origin/main'.

C:\Users\Caroline Jimenez\OneDrive\Documentos\repositorios\miautobiorepositorio\Mi autobiografía>git status
On branch main
Your branch is up to date with 'origin/main'.

Untracked files:
  (use "git add <file>..." to include in what will be committed)
        IMG/miperro.txt

nothing added to commit but untracked files present (use "git add" to track)

C:\Users\Caroline Jimenez\OneDrive\Documentos\repositorios\miautobiorepositorio\Mi autobiografía>git add .

C:\Users\Caroline Jimenez\OneDrive\Documentos\repositorios\miautobiorepositorio\Mi autobiografía>git commit -m "se agregó archivo mi perro"
[main af8e039] se agregó archivo mi perro
 1 file changed, 0 insertions(+), 0 deletions(-)
 create mode 100644 IMG/miperro.txt

C:\Users\Caroline Jimenez\OneDrive\Documentos\repositorios\miautobiorepositorio\Mi autobiografía>git push -u origin main
Enumerating objects: 5, done.
Counting objects: 100% (5/5), done.
Delta compression using up to 2 threads
Compressing objects: 100% (3/3), done.
Writing objects: 100% (3/3), 340 bytes | 340.00 KiB/s, done.
Total 3 (delta 2), reused 0 (delta 0), pack-reused 0
remote: Resolving deltas: 100% (2/2), completed with 2 local objects.
To https://github.com/Carolinejv3/miautobiorepositorio.git
   5241003..af8e039  main -> main
branch 'main' set up to track 'origin/main'.

C:\Users\Caroline Jimenez\OneDrive\Documentos\repositorios\miautobiorepositorio\Mi autobiografía>